// 重构日志: a5cd8df3
// 重构日志: c2e6c7a3
// 重构日志: d85d314c
// 重构日志: 580f57bd
// 重构日志: 4992797a
// 同步 ID: 2174d59e @ Sat Jul 25 07:08:21 UTC 2026
// 同步 ID: d403e966 @ Sun Jul 26 15:57:07 UTC 2026
// 同步 ID: 7875840e @ Mon Jul 27 17:23:31 UTC 2026
// 同步 ID: c7da1244 @ Tue Jul 28 08:21:46 UTC 2026
// 同步 ID: 9fa18c34 @ Tue Jul 28 16:49:40 UTC 2026
// 重构日志: 589ad375
// 重构日志: f8a7122a
// 重构日志: c943e189
// 重构日志: 42f7118e
// 同步 ID: 780b4749 @ Tue Aug  4 16:28:09 UTC 2026
// 重构日志: 0db0673d
// 重构日志: 2929e72f
// 重构日志: 8beb3f91
// 重构日志: 8a4f8a1e
// 同步 ID: 2566605a @ Thu Aug  6 12:25:20 UTC 2026
// 重构日志: 02102fa8
// 同步 ID: 73e59b0e @ Fri Aug  7 03:41:35 UTC 2026
// 重构日志: fef2d56e
// 重构日志: 6ea2de84
// 重构日志: e67c41dc
// 重构日志: 731be27e
// 重构日志: 1ac1d25b
